// Jest Snapshot v1, https://goo.gl/fbAQLP

exports[`renders correctly 1`] = `
<div
  className="p-8"
>
  <h1
    className="mt-4"
  >
    Welcome to our page!
  </h1>
  <p
    className="mt-8"
  >
    Lorem ipsum dolor sit amet consectetur adipisicing elit. Facere quo amet aliquid architecto exercitationem eos, quisquam temporibus ad optio placeat doloremque ullam nihil recusandae sit repudiandae nam veniam. Fugit, error? Lorem ipsum dolor sit amet consectetur adipisicing elit. Facere quo amet aliquid architecto exercitationem eos, quisquam temporibus ad optio placeat doloremque ullam nihil recusandae sit repudiandae nam veniam. Fugit, error? Lorem ipsum dolor sit amet consectetur adipisicing elit. Facere quo amet aliquid architecto exercitationem eos, quisquam temporibus ad optio placeat doloremque ullam nihil recusandae sit repudiandae nam veniam. Fugit, error?
  </p>
  <p
    className="mt-8"
  >
    Lorem ipsum dolor sit amet consectetur adipisicing elit. Facere quo amet aliquid architecto exercitationem eos, quisquam temporibus ad optio placeat doloremque ullam nihil recusandae sit repudiandae nam veniam. Fugit, error? Lorem ipsum dolor sit amet consectetur adipisicing elit. Facere quo amet aliquid architecto exercitationem eos, quisquam temporibus ad optio placeat doloremque ullam nihil recusandae sit repudiandae nam veniam. Fugit, error? Lorem ipsum dolor sit amet consectetur adipisicing elit. Facere quo amet aliquid architecto exercitationem eos, quisquam temporibus ad optio placeat doloremque ullam nihil recusandae sit repudiandae nam veniam. Fugit, error?
  </p>
</div>
`;
