// Jest Snapshot v1, https://goo.gl/fbAQLP

exports[`renders correctly 1`] = `
<div
  className="p-8 quote"
>
  <h1
    className="quote-text"
  >
    <strong>
      Mathematics is not about numbers, equations, computations, or algorithms: it is about understanding.
    </strong>
    <span
      className="fs-4"
    >
       -William Paul Thurston
    </span>
  </h1>
</div>
`;
